1789798652.980 GET /radio/list.m3u
1789798652.981 REQ "GET /radio/list.m3u HTTP/1.1" 200 -
1789798653.145 GET /radio/song.mp3
1789798653.145 GET /radio/song.mp3
1789798653.146 REQ "GET /radio/song.mp3 HTTP/1.1" 200 -
1789798653.146 REQ "GET /radio/song.mp3 HTTP/1.1" 200 -
1789798653.387 GET /abs.mp3
1789798653.388 REQ "GET /abs.mp3 HTTP/1.1" 200 -
1789798653.592 GET /abs.mp3
1789798653.592 REQ "GET /abs.mp3 HTTP/1.1" 200 -
1789798669.956 GET /slow.mp3
1789798669.957 REQ "GET /slow.mp3 HTTP/1.1" 200 -
1789798669.957 SLOW sent 200 bytes, now holding
1789798714.957 SLOW released
1789798973.543 GET /radio/list.m3u
1789798973.543 REQ "GET /radio/list.m3u HTTP/1.1" 200 -
1789798973.650 GET /radio/song.mp3
1789798973.650 GET /radio/song.mp3
1789798973.650 REQ "GET /radio/song.mp3 HTTP/1.1" 200 -
1789798973.651 REQ "GET /radio/song.mp3 HTTP/1.1" 200 -
1789798973.870 GET /abs.mp3
1789798973.870 REQ "GET /abs.mp3 HTTP/1.1" 200 -
1789798974.103 GET /abs.mp3
1789798974.103 REQ "GET /abs.mp3 HTTP/1.1" 200 -
1789798986.170 GET /slow.mp3
1789798986.170 REQ "GET /slow.mp3 HTTP/1.1" 200 -
1789798986.170 SLOW sent 307329 bytes, now holding
1789799093.978 GET /radio/list.m3u
1789799093.979 REQ "GET /radio/list.m3u HTTP/1.1" 200 -
1789799094.125 GET /song.mp3
1789799094.125 GET /song.mp3
1789799094.125 REQ "GET /song.mp3 HTTP/1.1" 200 -
1789799094.126 REQ "GET /song.mp3 HTTP/1.1" 200 -
1789799094.344 GET /abs.mp3
1789799094.344 REQ "GET /abs.mp3 HTTP/1.1" 200 -
1789799094.572 GET /abs.mp3
1789799094.572 REQ "GET /abs.mp3 HTTP/1.1" 200 -
1789799106.598 GET /slow.mp3
1789799106.599 REQ "GET /slow.mp3 HTTP/1.1" 200 -
1789799106.599 SLOW sent 307329 bytes, now holding
1789799125.941 GET /slow.mp3
1789799125.941 REQ "GET /slow.mp3 HTTP/1.1" 200 -
1789799125.941 SLOW sent 307329 bytes, now holding
1789799145.299 GET /slow.mp3
1789799145.299 REQ "GET /slow.mp3 HTTP/1.1" 200 -
1789799145.299 SLOW sent 307329 bytes, now holding
